/home/whung/geo_env/bin/python
Python 3.9.23
Pytorch deterministic mode: True
Using device: cuda:0
Loading data...
Data loaded successfully with weights_only=False

Detailed data structure:
Loaded from: /groups/ESS/whung/swe_gnn/data/gnn_training_data.pt
Type: <class 'torch_geometric.data.data.Data'>

Attributes:
x:
  Type: <class 'torch.Tensor'>
  Shape: torch.Size([1236502, 84])
  Dtype: torch.float32
  Device: cuda:0

edge_index:
  Type: <class 'torch.Tensor'>
  Shape: torch.Size([2, 7418982])
  Dtype: torch.int64
  Device: cuda:0

y:
  Type: <class 'torch.Tensor'>
  Shape: torch.Size([1236502])
  Dtype: torch.float32
  Device: cuda:0

Other attributes:
num_nodes: 1236502
num_edges: 7418982
num_node_features: 84

Data loaded: 1236502 nodes, 7418982 edges, 84 features per node
x: <class 'torch.Tensor'> | shape: torch.Size([1236502, 84])
edge_index: <class 'torch.Tensor'> | shape: torch.Size([2, 7418982])
y: <class 'torch.Tensor'> | shape: torch.Size([1236502])
grid_id: <class 'torch.Tensor'> | shape: torch.Size([1236502])

Updated model parameters:
Input channels: 84

Data loaders will be built per model based on model-specific hops (num_neighbors)...

Training GCN...
Model structure:
GCN_Model(
  (feature_extract): Sequential(
    (0): Linear(in_features=84, out_features=128, bias=True)
    (1): ReLU()
    (2): Dropout(p=0.2, inplace=False)
  )
  (conv1): GCNConv(128, 128)
  (bn1): BatchNorm1d(128, eps=1e-05, momentum=0.1, affine=True, track_running_stats=True)
  (conv2): GCNConv(128, 128)
  (bn2): BatchNorm1d(128, eps=1e-05, momentum=0.1, affine=True, track_running_stats=True)
  (conv3): GCNConv(128, 128)
  (bn3): BatchNorm1d(128, eps=1e-05, momentum=0.1, affine=True, track_running_stats=True)
  (fusion): Sequential(
    (0): Linear(in_features=384, out_features=128, bias=True)
    (1): ReLU()
    (2): Dropout(p=0.2, inplace=False)
  )
  (linear1): Linear(in_features=128, out_features=32, bias=True)
  (linear2): Linear(in_features=32, out_features=1, bias=True)
)

=== GCN 参数统计 ===
总参数数: 114,625
可训练参数数: 114,625
不可训练参数数: 0
模型大小估计: 0.44 MB (假设32位浮点)

=== GCN 层级结构 ===
feature_extract.0.weight: torch.Size([128, 84]) -> 10,752 参数
feature_extract.0.bias: torch.Size([128]) -> 128 参数
conv1.bias: torch.Size([128]) -> 128 参数
conv1.lin.weight: torch.Size([128, 128]) -> 16,384 参数
bn1.weight: torch.Size([128]) -> 128 参数
bn1.bias: torch.Size([128]) -> 128 参数
conv2.bias: torch.Size([128]) -> 128 参数
conv2.lin.weight: torch.Size([128, 128]) -> 16,384 参数
bn2.weight: torch.Size([128]) -> 128 参数
bn2.bias: torch.Size([128]) -> 128 参数
conv3.bias: torch.Size([128]) -> 128 参数
conv3.lin.weight: torch.Size([128, 128]) -> 16,384 参数
bn3.weight: torch.Size([128]) -> 128 参数
bn3.bias: torch.Size([128]) -> 128 参数
fusion.0.weight: torch.Size([128, 384]) -> 49,152 参数
fusion.0.bias: torch.Size([128]) -> 128 参数
linear1.weight: torch.Size([32, 128]) -> 4,096 参数
linear1.bias: torch.Size([32]) -> 32 参数
linear2.weight: torch.Size([1, 32]) -> 32 参数
linear2.bias: torch.Size([1]) -> 1 参数
GCN num_neighbors (hops): [16, 16, 16]
/groups/ESS/whung/mambaforge/envs/gnn_torch/lib/python3.9/site-packages/torch_geometric/sampler/neighbor_sampler.py:61: UserWarning: Using 'NeighborSampler' without a 'pyg-lib' installation is deprecated and will be removed soon. Please install 'pyg-lib' for accelerated neighborhood sampling
  warnings.warn(f"Using '{self.__class__.__name__}' without a "
/home/whung/gw-workspace/6pxfhtbkC9Wc/model_train.py:989: UserWarning: To copy construct from a tensor, it is recommended to use sourceTensor.detach().clone() or sourceTensor.detach().clone().requires_grad_(True), rather than torch.tensor(sourceTensor).
  r2 = torch.tensor(1 - (var_res / var_y), device=device)
/home/whung/gw-workspace/6pxfhtbkC9Wc/model_train.py:993: UserWarning: To copy construct from a tensor, it is recommended to use sourceTensor.detach().clone() or sourceTensor.detach().clone().requires_grad_(True), rather than torch.tensor(sourceTensor).
  rmse = torch.tensor(var_rmse, device=device)
Epoch 001 | Train Loss (RMSE): 2.7407 | Val Loss (RMSE): 1183.0042 | Train R²: 0.7218 | Val R²: 0.8016
Epoch 002 | Train Loss (RMSE): 2.3131 | Val Loss (RMSE): 1.8457 | Train R²: 0.8039 | Val R²: 0.8442
Epoch 003 | Train Loss (RMSE): 2.1942 | Val Loss (RMSE): 1.8459 | Train R²: 0.8237 | Val R²: 0.8506
Epoch 004 | Train Loss (RMSE): 2.0960 | Val Loss (RMSE): 1.7146 | Train R²: 0.8387 | Val R²: 0.8688
Epoch 005 | Train Loss (RMSE): 2.0168 | Val Loss (RMSE): 1.6678 | Train R²: 0.8510 | Val R²: 0.8791
Epoch 006 | Train Loss (RMSE): 1.9492 | Val Loss (RMSE): 1.6342 | Train R²: 0.8610 | Val R²: 0.8768
Epoch 007 | Train Loss (RMSE): 1.8987 | Val Loss (RMSE): 1.6080 | Train R²: 0.8681 | Val R²: 0.8841
Epoch 008 | Train Loss (RMSE): 1.8495 | Val Loss (RMSE): 1.5451 | Train R²: 0.8749 | Val R²: 0.8973
Epoch 009 | Train Loss (RMSE): 1.8168 | Val Loss (RMSE): 1.4824 | Train R²: 0.8793 | Val R²: 0.9033
Epoch 010 | Train Loss (RMSE): 1.7697 | Val Loss (RMSE): 1.4537 | Train R²: 0.8855 | Val R²: 0.9060
Epoch 011 | Train Loss (RMSE): 1.7299 | Val Loss (RMSE): 1.8938 | Train R²: 0.8905 | Val R²: 0.9144
Epoch 012 | Train Loss (RMSE): 1.6909 | Val Loss (RMSE): 1.4125 | Train R²: 0.8954 | Val R²: 0.9165
Epoch 013 | Train Loss (RMSE): 1.6692 | Val Loss (RMSE): 1.3412 | Train R²: 0.8980 | Val R²: 0.9226
Epoch 014 | Train Loss (RMSE): 1.6353 | Val Loss (RMSE): 1.3100 | Train R²: 0.9022 | Val R²: 0.9262
Epoch 015 | Train Loss (RMSE): 1.5903 | Val Loss (RMSE): 1.2824 | Train R²: 0.9074 | Val R²: 0.9297
Epoch 016 | Train Loss (RMSE): 1.5704 | Val Loss (RMSE): 1.3155 | Train R²: 0.9097 | Val R²: 0.9288
Epoch 017 | Train Loss (RMSE): 1.5468 | Val Loss (RMSE): 1.2066 | Train R²: 0.9123 | Val R²: 0.9382
Epoch 018 | Train Loss (RMSE): 1.5257 | Val Loss (RMSE): 1.2147 | Train R²: 0.9148 | Val R²: 0.9369
Epoch 019 | Train Loss (RMSE): 1.4949 | Val Loss (RMSE): 1.2163 | Train R²: 0.9180 | Val R²: 0.9391
Epoch 020 | Train Loss (RMSE): 1.4745 | Val Loss (RMSE): 1.1859 | Train R²: 0.9203 | Val R²: 0.9392
Epoch 021 | Train Loss (RMSE): 1.4539 | Val Loss (RMSE): 1.1372 | Train R²: 0.9226 | Val R²: 0.9446
Epoch 022 | Train Loss (RMSE): 1.4295 | Val Loss (RMSE): 1.1141 | Train R²: 0.9250 | Val R²: 0.9460
Epoch 023 | Train Loss (RMSE): 1.4140 | Val Loss (RMSE): 1.2345 | Train R²: 0.9266 | Val R²: 0.9392
Epoch 024 | Train Loss (RMSE): 1.3978 | Val Loss (RMSE): 1.1419 | Train R²: 0.9284 | Val R²: 0.9440
Epoch 025 | Train Loss (RMSE): 1.3768 | Val Loss (RMSE): 1.1078 | Train R²: 0.9305 | Val R²: 0.9476
Epoch 026 | Train Loss (RMSE): 1.3645 | Val Loss (RMSE): 1.2038 | Train R²: 0.9316 | Val R²: 0.9366
Epoch 027 | Train Loss (RMSE): 1.3387 | Val Loss (RMSE): 1.2672 | Train R²: 0.9343 | Val R²: 0.9314
Epoch 028 | Train Loss (RMSE): 1.3317 | Val Loss (RMSE): 1.1121 | Train R²: 0.9348 | Val R²: 0.9461
Epoch 029 | Train Loss (RMSE): 1.3122 | Val Loss (RMSE): 1.2234 | Train R²: 0.9368 | Val R²: 0.9365
Epoch 030 | Train Loss (RMSE): 1.3049 | Val Loss (RMSE): 1.1439 | Train R²: 0.9374 | Val R²: 0.9452
Epoch 031 | Train Loss (RMSE): 1.3105 | Val Loss (RMSE): 1.0924 | Train R²: 0.9383 | Val R²: 0.9459
Epoch 032 | Train Loss (RMSE): 1.6692 | Val Loss (RMSE): 673.0887 | Train R²: 0.8979 | Val R²: 0.9310
Epoch 033 | Train Loss (RMSE): 1.5109 | Val Loss (RMSE): 1.2817 | Train R²: 0.9162 | Val R²: 0.9296
Epoch 034 | Train Loss (RMSE): 1.4286 | Val Loss (RMSE): 1.1373 | Train R²: 0.9251 | Val R²: 0.9436
Epoch 035 | Train Loss (RMSE): 1.3460 | Val Loss (RMSE): 1.0816 | Train R²: 0.9335 | Val R²: 0.9507
Epoch 036 | Train Loss (RMSE): 1.3044 | Val Loss (RMSE): 1.1305 | Train R²: 0.9375 | Val R²: 0.9476
Epoch 037 | Train Loss (RMSE): 1.2639 | Val Loss (RMSE): 4.3065 | Train R²: 0.9412 | Val R²: 0.9499
Epoch 038 | Train Loss (RMSE): 1.2508 | Val Loss (RMSE): 1.0950 | Train R²: 0.9425 | Val R²: 0.9468
Epoch 039 | Train Loss (RMSE): 1.2471 | Val Loss (RMSE): 1.3092 | Train R²: 0.9427 | Val R²: 0.9244
Epoch 040 | Train Loss (RMSE): 1.2447 | Val Loss (RMSE): 1.1120 | Train R²: 0.9429 | Val R²: 0.9472
Epoch 041 | Train Loss (RMSE): 1.2484 | Val Loss (RMSE): 1.0807 | Train R²: 0.9426 | Val R²: 0.9471
Epoch 042 | Train Loss (RMSE): 1.2414 | Val Loss (RMSE): 1.0738 | Train R²: 0.9432 | Val R²: 0.9485
Epoch 043 | Train Loss (RMSE): 1.2239 | Val Loss (RMSE): 1.0721 | Train R²: 0.9448 | Val R²: 0.9482
Epoch 044 | Train Loss (RMSE): 1.2303 | Val Loss (RMSE): 1.0508 | Train R²: 0.9441 | Val R²: 0.9520
Epoch 045 | Train Loss (RMSE): 1.2080 | Val Loss (RMSE): 1.0934 | Train R²: 0.9460 | Val R²: 0.9443
Epoch 046 | Train Loss (RMSE): 1.2053 | Val Loss (RMSE): 1.0520 | Train R²: 0.9462 | Val R²: 0.9504
Epoch 047 | Train Loss (RMSE): 1.1937 | Val Loss (RMSE): 1.0682 | Train R²: 0.9474 | Val R²: 0.9500
Epoch 048 | Train Loss (RMSE): 1.1899 | Val Loss (RMSE): 1.0380 | Train R²: 0.9477 | Val R²: 0.9511
Epoch 049 | Train Loss (RMSE): 1.1760 | Val Loss (RMSE): 1.0523 | Train R²: 0.9490 | Val R²: 0.9525
Epoch 050 | Train Loss (RMSE): 1.1711 | Val Loss (RMSE): 1.0196 | Train R²: 0.9494 | Val R²: 0.9540
Epoch 051 | Train Loss (RMSE): 1.1649 | Val Loss (RMSE): 1.1292 | Train R²: 0.9499 | Val R²: 0.9423
Epoch 052 | Train Loss (RMSE): 1.1595 | Val Loss (RMSE): 1.0964 | Train R²: 0.9503 | Val R²: 0.9472
Epoch 053 | Train Loss (RMSE): 1.1527 | Val Loss (RMSE): 1.1530 | Train R²: 0.9509 | Val R²: 0.9410
Epoch 054 | Train Loss (RMSE): 1.1454 | Val Loss (RMSE): 1.1532 | Train R²: 0.9515 | Val R²: 0.9423
Epoch 055 | Train Loss (RMSE): 1.1372 | Val Loss (RMSE): 7.9417 | Train R²: 0.9523 | Val R²: 0.9508
Epoch 056 | Train Loss (RMSE): 1.1288 | Val Loss (RMSE): 1.0622 | Train R²: 0.9529 | Val R²: 0.9513
Epoch 057 | Train Loss (RMSE): 1.1250 | Val Loss (RMSE): 1.0884 | Train R²: 0.9531 | Val R²: 0.9494
Epoch 058 | Train Loss (RMSE): 1.1123 | Val Loss (RMSE): 1.0857 | Train R²: 0.9542 | Val R²: 0.9447
Epoch 059 | Train Loss (RMSE): 1.1117 | Val Loss (RMSE): 1.0258 | Train R²: 0.9542 | Val R²: 0.9535
Epoch 060 | Train Loss (RMSE): 1.1164 | Val Loss (RMSE): 1.1485 | Train R²: 0.9538 | Val R²: 0.9566
Epoch 061 | Train Loss (RMSE): 1.1014 | Val Loss (RMSE): 1.0402 | Train R²: 0.9550 | Val R²: 0.9559
Epoch 062 | Train Loss (RMSE): 1.0982 | Val Loss (RMSE): 0.9353 | Train R²: 0.9552 | Val R²: 0.9607
Epoch 063 | Train Loss (RMSE): 1.0957 | Val Loss (RMSE): 0.9528 | Train R²: 0.9554 | Val R²: 0.9597
Epoch 064 | Train Loss (RMSE): 1.0784 | Val Loss (RMSE): 0.9561 | Train R²: 0.9568 | Val R²: 0.9579
Epoch 065 | Train Loss (RMSE): 1.0814 | Val Loss (RMSE): 0.9931 | Train R²: 0.9566 | Val R²: 0.9557
Epoch 066 | Train Loss (RMSE): 1.0701 | Val Loss (RMSE): 1.0841 | Train R²: 0.9575 | Val R²: 0.9459
Epoch 067 | Train Loss (RMSE): 1.0735 | Val Loss (RMSE): 1.0285 | Train R²: 0.9572 | Val R²: 0.9518
Epoch 068 | Train Loss (RMSE): 1.0701 | Val Loss (RMSE): 0.9183 | Train R²: 0.9575 | Val R²: 0.9619
Epoch 069 | Train Loss (RMSE): 1.0700 | Val Loss (RMSE): 0.9938 | Train R²: 0.9574 | Val R²: 0.9541
Epoch 070 | Train Loss (RMSE): 1.0506 | Val Loss (RMSE): 1.0039 | Train R²: 0.9590 | Val R²: 0.9579
Epoch 071 | Train Loss (RMSE): 1.0568 | Val Loss (RMSE): 0.9502 | Train R²: 0.9585 | Val R²: 0.9593
Epoch 072 | Train Loss (RMSE): 1.0539 | Val Loss (RMSE): 0.9304 | Train R²: 0.9587 | Val R²: 0.9596
Epoch 073 | Train Loss (RMSE): 1.0486 | Val Loss (RMSE): 0.9510 | Train R²: 0.9592 | Val R²: 0.9592
Epoch 074 | Train Loss (RMSE): 1.0450 | Val Loss (RMSE): 0.8976 | Train R²: 0.9594 | Val R²: 0.9639
Epoch 075 | Train Loss (RMSE): 1.0418 | Val Loss (RMSE): 0.9630 | Train R²: 0.9597 | Val R²: 0.9581
Epoch 076 | Train Loss (RMSE): 1.0343 | Val Loss (RMSE): 0.8866 | Train R²: 0.9602 | Val R²: 0.9639
Epoch 077 | Train Loss (RMSE): 1.0312 | Val Loss (RMSE): 0.8644 | Train R²: 0.9605 | Val R²: 0.9662
Epoch 078 | Train Loss (RMSE): 1.0259 | Val Loss (RMSE): 0.9342 | Train R²: 0.9608 | Val R²: 0.9605
Epoch 079 | Train Loss (RMSE): 1.0297 | Val Loss (RMSE): 0.9561 | Train R²: 0.9606 | Val R²: 0.9579
Epoch 080 | Train Loss (RMSE): 1.0142 | Val Loss (RMSE): 0.9060 | Train R²: 0.9617 | Val R²: 0.9629
Epoch 081 | Train Loss (RMSE): 1.0185 | Val Loss (RMSE): 0.9171 | Train R²: 0.9614 | Val R²: 0.9608
Epoch 082 | Train Loss (RMSE): 1.0092 | Val Loss (RMSE): 0.9434 | Train R²: 0.9622 | Val R²: 0.9588
Epoch 083 | Train Loss (RMSE): 1.0123 | Val Loss (RMSE): 0.9151 | Train R²: 0.9618 | Val R²: 0.9617
Epoch 084 | Train Loss (RMSE): 1.0164 | Val Loss (RMSE): 0.9242 | Train R²: 0.9615 | Val R²: 0.9610
Epoch 085 | Train Loss (RMSE): 1.0041 | Val Loss (RMSE): 0.9598 | Train R²: 0.9625 | Val R²: 0.9573
Epoch 086 | Train Loss (RMSE): 1.0089 | Val Loss (RMSE): 0.8809 | Train R²: 0.9620 | Val R²: 0.9639
Epoch 087 | Train Loss (RMSE): 0.9992 | Val Loss (RMSE): 0.9009 | Train R²: 0.9628 | Val R²: 0.9629
Epoch 088 | Train Loss (RMSE): 0.9977 | Val Loss (RMSE): 0.9121 | Train R²: 0.9628 | Val R²: 0.9618
Epoch 089 | Train Loss (RMSE): 0.9933 | Val Loss (RMSE): 0.8790 | Train R²: 0.9631 | Val R²: 0.9649
Epoch 090 | Train Loss (RMSE): 0.9904 | Val Loss (RMSE): 0.8335 | Train R²: 0.9635 | Val R²: 0.9682
Epoch 091 | Train Loss (RMSE): 0.9905 | Val Loss (RMSE): 0.8627 | Train R²: 0.9634 | Val R²: 0.9664
Epoch 092 | Train Loss (RMSE): 0.9825 | Val Loss (RMSE): 0.8450 | Train R²: 0.9641 | Val R²: 0.9678
Epoch 093 | Train Loss (RMSE): 0.9882 | Val Loss (RMSE): 0.9014 | Train R²: 0.9636 | Val R²: 0.9631
Epoch 094 | Train Loss (RMSE): 0.9839 | Val Loss (RMSE): 0.8848 | Train R²: 0.9639 | Val R²: 0.9651
Epoch 095 | Train Loss (RMSE): 0.9886 | Val Loss (RMSE): 0.9276 | Train R²: 0.9634 | Val R²: 0.9609
Epoch 096 | Train Loss (RMSE): 0.9769 | Val Loss (RMSE): 0.8692 | Train R²: 0.9643 | Val R²: 0.9656
Epoch 097 | Train Loss (RMSE): 0.9846 | Val Loss (RMSE): 0.8504 | Train R²: 0.9638 | Val R²: 0.9662
Epoch 098 | Train Loss (RMSE): 0.9728 | Val Loss (RMSE): 0.8673 | Train R²: 0.9646 | Val R²: 0.9650
Epoch 099 | Train Loss (RMSE): 0.9688 | Val Loss (RMSE): 0.8347 | Train R²: 0.9649 | Val R²: 0.9685
Epoch 100 | Train Loss (RMSE): 0.9745 | Val Loss (RMSE): 0.8864 | Train R²: 0.9645 | Val R²: 0.9649
GCN Test Metrics:
  R²: 0.9669
  RMSE: 0.9690
Model saved to /groups/ESS/whung/swe_gnn/model/GCN_model_sweloss_precip.pth
