/home/whung/geo_env/bin/python
Python 3.9.23
Using device: cuda:0
Loading data...
Data loaded successfully with weights_only=False

Detailed data structure:
Loaded from: /groups/ESS/whung/swe_gnn/data/gnn_training_data.pt
Type: <class 'torch_geometric.data.data.Data'>

Attributes:
x:
  Type: <class 'torch.Tensor'>
  Shape: torch.Size([1660613, 86])
  Dtype: torch.float32
  Device: cuda:0

edge_index:
  Type: <class 'torch.Tensor'>
  Shape: torch.Size([2, 9963660])
  Dtype: torch.int64
  Device: cuda:0

y:
  Type: <class 'torch.Tensor'>
  Shape: torch.Size([1660613])
  Dtype: torch.float32
  Device: cuda:0

Other attributes:
num_nodes: 1660613
num_edges: 9963660
num_node_features: 86

Data loaded: 1660613 nodes, 9963660 edges, 86 features per node
x: <class 'torch.Tensor'> | shape: torch.Size([1660613, 86])
edge_index: <class 'torch.Tensor'> | shape: torch.Size([2, 9963660])
y: <class 'torch.Tensor'> | shape: torch.Size([1660613])
grid_id: <class 'torch.Tensor'> | shape: torch.Size([1660613])

Updated model parameters:
Input channels: 86

Data loaders will be built per model based on model-specific hops (num_neighbors)...

Training GCN...
Model structure:
GCN_Model(
  (feature_extract): Sequential(
    (0): Linear(in_features=86, out_features=128, bias=True)
    (1): ReLU()
    (2): Dropout(p=0.2, inplace=False)
  )
  (conv1): GCNConv(128, 128)
  (bn1): BatchNorm1d(128, eps=1e-05, momentum=0.1, affine=True, track_running_stats=True)
  (conv2): GCNConv(128, 128)
  (bn2): BatchNorm1d(128, eps=1e-05, momentum=0.1, affine=True, track_running_stats=True)
  (conv3): GCNConv(128, 128)
  (bn3): BatchNorm1d(128, eps=1e-05, momentum=0.1, affine=True, track_running_stats=True)
  (fusion): Sequential(
    (0): Linear(in_features=384, out_features=128, bias=True)
    (1): ReLU()
    (2): Dropout(p=0.2, inplace=False)
  )
  (linear1): Linear(in_features=128, out_features=32, bias=True)
  (linear2): Linear(in_features=32, out_features=1, bias=True)
)

=== GCN 参数统计 ===
总参数数: 114,881
可训练参数数: 114,881
不可训练参数数: 0
模型大小估计: 0.44 MB (假设32位浮点)

=== GCN 层级结构 ===
feature_extract.0.weight: torch.Size([128, 86]) -> 11,008 参数
feature_extract.0.bias: torch.Size([128]) -> 128 参数
conv1.bias: torch.Size([128]) -> 128 参数
conv1.lin.weight: torch.Size([128, 128]) -> 16,384 参数
bn1.weight: torch.Size([128]) -> 128 参数
bn1.bias: torch.Size([128]) -> 128 参数
conv2.bias: torch.Size([128]) -> 128 参数
conv2.lin.weight: torch.Size([128, 128]) -> 16,384 参数
bn2.weight: torch.Size([128]) -> 128 参数
bn2.bias: torch.Size([128]) -> 128 参数
conv3.bias: torch.Size([128]) -> 128 参数
conv3.lin.weight: torch.Size([128, 128]) -> 16,384 参数
bn3.weight: torch.Size([128]) -> 128 参数
bn3.bias: torch.Size([128]) -> 128 参数
fusion.0.weight: torch.Size([128, 384]) -> 49,152 参数
fusion.0.bias: torch.Size([128]) -> 128 参数
linear1.weight: torch.Size([32, 128]) -> 4,096 参数
linear1.bias: torch.Size([32]) -> 32 参数
linear2.weight: torch.Size([1, 32]) -> 32 参数
linear2.bias: torch.Size([1]) -> 1 参数
GCN num_neighbors (hops): [16, 16, 16]
/groups/ESS/whung/mambaforge/envs/gnn_torch/lib/python3.9/site-packages/torch_geometric/sampler/neighbor_sampler.py:61: UserWarning: Using 'NeighborSampler' without a 'pyg-lib' installation is deprecated and will be removed soon. Please install 'pyg-lib' for accelerated neighborhood sampling
  warnings.warn(f"Using '{self.__class__.__name__}' without a "
<stdin>:886: UserWarning: To copy construct from a tensor, it is recommended to use sourceTensor.detach().clone() or sourceTensor.detach().clone().requires_grad_(True), rather than torch.tensor(sourceTensor).
<stdin>:890: UserWarning: To copy construct from a tensor, it is recommended to use sourceTensor.detach().clone() or sourceTensor.detach().clone().requires_grad_(True), rather than torch.tensor(sourceTensor).
Epoch 001 | Train Loss (RMSE): 2.1369 | Val Loss (RMSE): 1.5987 | Train R²: 0.7740 | Val R²: 0.8239
Epoch 002 | Train Loss (RMSE): 1.8946 | Val Loss (RMSE): 1.5176 | Train R²: 0.8246 | Val R²: 0.8493
Epoch 003 | Train Loss (RMSE): 1.8056 | Val Loss (RMSE): 1.4442 | Train R²: 0.8411 | Val R²: 0.8573
Epoch 004 | Train Loss (RMSE): 1.7448 | Val Loss (RMSE): 1.3829 | Train R²: 0.8515 | Val R²: 0.8710
Epoch 005 | Train Loss (RMSE): 1.6929 | Val Loss (RMSE): 1.3582 | Train R²: 0.8602 | Val R²: 0.8778
Epoch 006 | Train Loss (RMSE): 1.6553 | Val Loss (RMSE): 1.3607 | Train R²: 0.8663 | Val R²: 0.8745
Epoch 007 | Train Loss (RMSE): 1.6050 | Val Loss (RMSE): 1.2687 | Train R²: 0.8744 | Val R²: 0.8909
Epoch 008 | Train Loss (RMSE): 1.5783 | Val Loss (RMSE): 1.2447 | Train R²: 0.8787 | Val R²: 0.8988
Epoch 009 | Train Loss (RMSE): 1.5454 | Val Loss (RMSE): 1.2053 | Train R²: 0.8837 | Val R²: 0.9056
Epoch 010 | Train Loss (RMSE): 1.5140 | Val Loss (RMSE): 1.2092 | Train R²: 0.8881 | Val R²: 0.9039
Epoch 011 | Train Loss (RMSE): 1.4845 | Val Loss (RMSE): 1.1575 | Train R²: 0.8925 | Val R²: 0.9115
Epoch 012 | Train Loss (RMSE): 1.4622 | Val Loss (RMSE): 1.1547 | Train R²: 0.8955 | Val R²: 0.9127
Epoch 013 | Train Loss (RMSE): 1.4409 | Val Loss (RMSE): 1.1362 | Train R²: 0.8988 | Val R²: 0.9185
Epoch 014 | Train Loss (RMSE): 1.4130 | Val Loss (RMSE): 1.1219 | Train R²: 0.9026 | Val R²: 0.9175
Epoch 015 | Train Loss (RMSE): 1.4019 | Val Loss (RMSE): 1.0805 | Train R²: 0.9043 | Val R²: 0.9261
Epoch 016 | Train Loss (RMSE): 1.3735 | Val Loss (RMSE): 1.0929 | Train R²: 0.9081 | Val R²: 0.9243
Epoch 017 | Train Loss (RMSE): 1.3576 | Val Loss (RMSE): 1.0442 | Train R²: 0.9100 | Val R²: 0.9314
Epoch 018 | Train Loss (RMSE): 1.3411 | Val Loss (RMSE): 1.0603 | Train R²: 0.9123 | Val R²: 0.9288
Epoch 019 | Train Loss (RMSE): 1.3125 | Val Loss (RMSE): 1.0131 | Train R²: 0.9160 | Val R²: 0.9358
Epoch 020 | Train Loss (RMSE): 1.2994 | Val Loss (RMSE): 1.0418 | Train R²: 0.9176 | Val R²: 0.9302
Epoch 021 | Train Loss (RMSE): 1.2856 | Val Loss (RMSE): 1.0182 | Train R²: 0.9194 | Val R²: 0.9341
Epoch 022 | Train Loss (RMSE): 1.2623 | Val Loss (RMSE): 0.9754 | Train R²: 0.9222 | Val R²: 0.9404
Epoch 023 | Train Loss (RMSE): 1.2512 | Val Loss (RMSE): 0.9846 | Train R²: 0.9236 | Val R²: 0.9392
Epoch 024 | Train Loss (RMSE): 1.2348 | Val Loss (RMSE): 0.9653 | Train R²: 0.9258 | Val R²: 0.9414
Epoch 025 | Train Loss (RMSE): 1.2312 | Val Loss (RMSE): 0.9549 | Train R²: 0.9259 | Val R²: 0.9426
Epoch 026 | Train Loss (RMSE): 1.2104 | Val Loss (RMSE): 0.9317 | Train R²: 0.9285 | Val R²: 0.9469
Epoch 027 | Train Loss (RMSE): 1.2006 | Val Loss (RMSE): 0.8936 | Train R²: 0.9296 | Val R²: 0.9502
Epoch 028 | Train Loss (RMSE): 1.1843 | Val Loss (RMSE): 0.8991 | Train R²: 0.9316 | Val R²: 0.9484
Epoch 029 | Train Loss (RMSE): 1.1743 | Val Loss (RMSE): 0.9059 | Train R²: 0.9326 | Val R²: 0.9486
Epoch 030 | Train Loss (RMSE): 1.1613 | Val Loss (RMSE): 0.9025 | Train R²: 0.9342 | Val R²: 0.9482
Epoch 031 | Train Loss (RMSE): 1.1552 | Val Loss (RMSE): 0.9078 | Train R²: 0.9347 | Val R²: 0.9472
Epoch 032 | Train Loss (RMSE): 1.1493 | Val Loss (RMSE): 0.8673 | Train R²: 0.9354 | Val R²: 0.9532
Epoch 033 | Train Loss (RMSE): 1.1332 | Val Loss (RMSE): 0.8581 | Train R²: 0.9372 | Val R²: 0.9534
Epoch 034 | Train Loss (RMSE): 1.1264 | Val Loss (RMSE): 0.9825 | Train R²: 0.9380 | Val R²: 0.9377
Epoch 035 | Train Loss (RMSE): 1.1144 | Val Loss (RMSE): 0.9025 | Train R²: 0.9393 | Val R²: 0.9485
Epoch 036 | Train Loss (RMSE): 1.1051 | Val Loss (RMSE): 0.8951 | Train R²: 0.9402 | Val R²: 0.9488
Epoch 037 | Train Loss (RMSE): 1.1005 | Val Loss (RMSE): 0.8566 | Train R²: 0.9407 | Val R²: 0.9528
Epoch 038 | Train Loss (RMSE): 1.0952 | Val Loss (RMSE): 0.8535 | Train R²: 0.9413 | Val R²: 0.9531
Epoch 039 | Train Loss (RMSE): 1.0829 | Val Loss (RMSE): 0.8209 | Train R²: 0.9426 | Val R²: 0.9575
Epoch 040 | Train Loss (RMSE): 1.0780 | Val Loss (RMSE): 0.8028 | Train R²: 0.9431 | Val R²: 0.9596
Epoch 041 | Train Loss (RMSE): 1.0726 | Val Loss (RMSE): 0.8212 | Train R²: 0.9436 | Val R²: 0.9564
Epoch 042 | Train Loss (RMSE): 1.0617 | Val Loss (RMSE): 0.8248 | Train R²: 0.9448 | Val R²: 0.9563
Epoch 043 | Train Loss (RMSE): 1.0609 | Val Loss (RMSE): 0.8006 | Train R²: 0.9449 | Val R²: 0.9598
Epoch 044 | Train Loss (RMSE): 1.0492 | Val Loss (RMSE): 0.8582 | Train R²: 0.9460 | Val R²: 0.9518
Epoch 045 | Train Loss (RMSE): 1.0377 | Val Loss (RMSE): 0.8314 | Train R²: 0.9472 | Val R²: 0.9552
Epoch 046 | Train Loss (RMSE): 1.0373 | Val Loss (RMSE): 0.7691 | Train R²: 0.9471 | Val R²: 0.9618
Epoch 047 | Train Loss (RMSE): 1.0352 | Val Loss (RMSE): 0.8043 | Train R²: 0.9475 | Val R²: 0.9593
Epoch 048 | Train Loss (RMSE): 1.0311 | Val Loss (RMSE): 0.7565 | Train R²: 0.9479 | Val R²: 0.9643
Epoch 049 | Train Loss (RMSE): 1.0221 | Val Loss (RMSE): 0.7893 | Train R²: 0.9487 | Val R²: 0.9586
Epoch 050 | Train Loss (RMSE): 1.0157 | Val Loss (RMSE): 0.8778 | Train R²: 0.9493 | Val R²: 0.9493
Epoch 051 | Train Loss (RMSE): 1.0108 | Val Loss (RMSE): 0.7962 | Train R²: 0.9498 | Val R²: 0.9580
Epoch 052 | Train Loss (RMSE): 1.0072 | Val Loss (RMSE): 0.7827 | Train R²: 0.9501 | Val R²: 0.9594
Epoch 053 | Train Loss (RMSE): 1.0036 | Val Loss (RMSE): 0.7975 | Train R²: 0.9506 | Val R²: 0.9591
Epoch 054 | Train Loss (RMSE): 1.0043 | Val Loss (RMSE): 0.7927 | Train R²: 0.9505 | Val R²: 0.9599
Epoch 055 | Train Loss (RMSE): 0.9953 | Val Loss (RMSE): 0.7565 | Train R²: 0.9513 | Val R²: 0.9634
Epoch 056 | Train Loss (RMSE): 0.9962 | Val Loss (RMSE): 0.7905 | Train R²: 0.9511 | Val R²: 0.9584
Epoch 057 | Train Loss (RMSE): 0.9903 | Val Loss (RMSE): 0.7740 | Train R²: 0.9516 | Val R²: 0.9613
Epoch 058 | Train Loss (RMSE): 0.9833 | Val Loss (RMSE): 0.7433 | Train R²: 0.9524 | Val R²: 0.9645
Epoch 059 | Train Loss (RMSE): 0.9794 | Val Loss (RMSE): 0.7640 | Train R²: 0.9528 | Val R²: 0.9619
Epoch 060 | Train Loss (RMSE): 0.9736 | Val Loss (RMSE): 0.7507 | Train R²: 0.9533 | Val R²: 0.9623
Epoch 061 | Train Loss (RMSE): 0.9695 | Val Loss (RMSE): 0.7635 | Train R²: 0.9538 | Val R²: 0.9627
Epoch 062 | Train Loss (RMSE): 0.9609 | Val Loss (RMSE): 0.7421 | Train R²: 0.9546 | Val R²: 0.9647
Epoch 063 | Train Loss (RMSE): 0.9520 | Val Loss (RMSE): 0.7526 | Train R²: 0.9554 | Val R²: 0.9630
Epoch 064 | Train Loss (RMSE): 0.9639 | Val Loss (RMSE): 0.7934 | Train R²: 0.9542 | Val R²: 0.9591
Epoch 065 | Train Loss (RMSE): 0.9511 | Val Loss (RMSE): 0.7404 | Train R²: 0.9555 | Val R²: 0.9650
Epoch 066 | Train Loss (RMSE): 0.9495 | Val Loss (RMSE): 0.7153 | Train R²: 0.9556 | Val R²: 0.9667
Epoch 067 | Train Loss (RMSE): 0.9476 | Val Loss (RMSE): 0.7294 | Train R²: 0.9558 | Val R²: 0.9646
Epoch 068 | Train Loss (RMSE): 0.9426 | Val Loss (RMSE): 0.7324 | Train R²: 0.9561 | Val R²: 0.9651
Epoch 069 | Train Loss (RMSE): 0.9451 | Val Loss (RMSE): 0.7399 | Train R²: 0.9560 | Val R²: 0.9636
Epoch 070 | Train Loss (RMSE): 0.9444 | Val Loss (RMSE): 0.7424 | Train R²: 0.9559 | Val R²: 0.9644
Epoch 071 | Train Loss (RMSE): 0.9319 | Val Loss (RMSE): 0.7323 | Train R²: 0.9571 | Val R²: 0.9650
Epoch 072 | Train Loss (RMSE): 0.9312 | Val Loss (RMSE): 0.7654 | Train R²: 0.9572 | Val R²: 0.9597
Epoch 073 | Train Loss (RMSE): 0.9281 | Val Loss (RMSE): 0.7603 | Train R²: 0.9576 | Val R²: 0.9616
Epoch 074 | Train Loss (RMSE): 0.9275 | Val Loss (RMSE): 0.6822 | Train R²: 0.9576 | Val R²: 0.9698
Epoch 075 | Train Loss (RMSE): 0.9253 | Val Loss (RMSE): 0.7072 | Train R²: 0.9577 | Val R²: 0.9664
Epoch 076 | Train Loss (RMSE): 0.9198 | Val Loss (RMSE): 0.6653 | Train R²: 0.9582 | Val R²: 0.9703
Epoch 077 | Train Loss (RMSE): 0.9193 | Val Loss (RMSE): 0.7206 | Train R²: 0.9583 | Val R²: 0.9667
Epoch 078 | Train Loss (RMSE): 0.9149 | Val Loss (RMSE): 0.7576 | Train R²: 0.9587 | Val R²: 0.9617
Epoch 079 | Train Loss (RMSE): 0.9167 | Val Loss (RMSE): 0.6927 | Train R²: 0.9584 | Val R²: 0.9680
Epoch 080 | Train Loss (RMSE): 0.9135 | Val Loss (RMSE): 0.7001 | Train R²: 0.9587 | Val R²: 0.9670
Epoch 081 | Train Loss (RMSE): 0.9145 | Val Loss (RMSE): 0.7208 | Train R²: 0.9588 | Val R²: 0.9640
Epoch 082 | Train Loss (RMSE): 0.9046 | Val Loss (RMSE): 0.7024 | Train R²: 0.9594 | Val R²: 0.9667
Epoch 083 | Train Loss (RMSE): 0.9004 | Val Loss (RMSE): 0.7417 | Train R²: 0.9599 | Val R²: 0.9622
Epoch 084 | Train Loss (RMSE): 0.9032 | Val Loss (RMSE): 0.7173 | Train R²: 0.9596 | Val R²: 0.9652
Epoch 085 | Train Loss (RMSE): 0.8947 | Val Loss (RMSE): 0.7078 | Train R²: 0.9603 | Val R²: 0.9658
Epoch 086 | Train Loss (RMSE): 0.8877 | Val Loss (RMSE): 0.6855 | Train R²: 0.9610 | Val R²: 0.9686
Epoch 087 | Train Loss (RMSE): 0.8937 | Val Loss (RMSE): 0.7125 | Train R²: 0.9604 | Val R²: 0.9663
Epoch 088 | Train Loss (RMSE): 0.8971 | Val Loss (RMSE): 0.7139 | Train R²: 0.9602 | Val R²: 0.9656
Epoch 089 | Train Loss (RMSE): 0.8897 | Val Loss (RMSE): 0.6965 | Train R²: 0.9608 | Val R²: 0.9679
Epoch 090 | Train Loss (RMSE): 0.8875 | Val Loss (RMSE): 0.7127 | Train R²: 0.9609 | Val R²: 0.9658
Epoch 091 | Train Loss (RMSE): 0.8807 | Val Loss (RMSE): 0.6280 | Train R²: 0.9616 | Val R²: 0.9730
Epoch 092 | Train Loss (RMSE): 0.8837 | Val Loss (RMSE): 0.7045 | Train R²: 0.9613 | Val R²: 0.9668
Epoch 093 | Train Loss (RMSE): 0.8824 | Val Loss (RMSE): 0.6192 | Train R²: 0.9615 | Val R²: 0.9754
Epoch 094 | Train Loss (RMSE): 0.8822 | Val Loss (RMSE): 0.6850 | Train R²: 0.9614 | Val R²: 0.9677
Epoch 095 | Train Loss (RMSE): 0.8787 | Val Loss (RMSE): 0.6765 | Train R²: 0.9616 | Val R²: 0.9689
Epoch 096 | Train Loss (RMSE): 0.8726 | Val Loss (RMSE): 0.6542 | Train R²: 0.9623 | Val R²: 0.9712
Epoch 097 | Train Loss (RMSE): 0.8782 | Val Loss (RMSE): 0.6768 | Train R²: 0.9617 | Val R²: 0.9692
Epoch 098 | Train Loss (RMSE): 0.8739 | Val Loss (RMSE): 0.6896 | Train R²: 0.9621 | Val R²: 0.9677
Epoch 099 | Train Loss (RMSE): 0.8695 | Val Loss (RMSE): 0.6759 | Train R²: 0.9625 | Val R²: 0.9688
Epoch 100 | Train Loss (RMSE): 0.8711 | Val Loss (RMSE): 0.6510 | Train R²: 0.9623 | Val R²: 0.9707
GCN Test Metrics:
  R²: 0.9693
  RMSE: 0.8180
Model saved to /groups/ESS/whung/swe_gnn/model/GCN_model_sweloss.pth
