/home/whung/geo_env/bin/python
Python 3.9.23
Pytorch deterministic mode: True
Using device: cuda:0
Loading data...
Data loaded successfully with weights_only=False

Detailed data structure:
Loaded from: /groups/ESS/whung/swe_gnn/data/gnn_training_data.pt
Type: <class 'torch_geometric.data.data.Data'>

Attributes:
x:
  Type: <class 'torch.Tensor'>
  Shape: torch.Size([1236502, 84])
  Dtype: torch.float32
  Device: cuda:0

edge_index:
  Type: <class 'torch.Tensor'>
  Shape: torch.Size([2, 7418982])
  Dtype: torch.int64
  Device: cuda:0

y:
  Type: <class 'torch.Tensor'>
  Shape: torch.Size([1236502])
  Dtype: torch.float32
  Device: cuda:0

Other attributes:
num_nodes: 1236502
num_edges: 7418982
num_node_features: 84

Data loaded: 1236502 nodes, 7418982 edges, 84 features per node
x: <class 'torch.Tensor'> | shape: torch.Size([1236502, 84])
edge_index: <class 'torch.Tensor'> | shape: torch.Size([2, 7418982])
y: <class 'torch.Tensor'> | shape: torch.Size([1236502])
grid_id: <class 'torch.Tensor'> | shape: torch.Size([1236502])

Updated model parameters:
Input channels: 84

Data loaders will be built per model based on model-specific hops (num_neighbors)...

Training GCN...
Model structure:
GCN_Model(
  (feature_extract): Sequential(
    (0): Linear(in_features=84, out_features=128, bias=True)
    (1): ReLU()
    (2): Dropout(p=0.2, inplace=False)
  )
  (conv1): GCNConv(128, 128)
  (bn1): BatchNorm1d(128, eps=1e-05, momentum=0.1, affine=True, track_running_stats=True)
  (conv2): GCNConv(128, 128)
  (bn2): BatchNorm1d(128, eps=1e-05, momentum=0.1, affine=True, track_running_stats=True)
  (conv3): GCNConv(128, 128)
  (bn3): BatchNorm1d(128, eps=1e-05, momentum=0.1, affine=True, track_running_stats=True)
  (fusion): Sequential(
    (0): Linear(in_features=384, out_features=128, bias=True)
    (1): ReLU()
    (2): Dropout(p=0.2, inplace=False)
  )
  (linear1): Linear(in_features=128, out_features=32, bias=True)
  (linear2): Linear(in_features=32, out_features=1, bias=True)
)

=== GCN 参数统计 ===
总参数数: 114,625
可训练参数数: 114,625
不可训练参数数: 0
模型大小估计: 0.44 MB (假设32位浮点)

=== GCN 层级结构 ===
feature_extract.0.weight: torch.Size([128, 84]) -> 10,752 参数
feature_extract.0.bias: torch.Size([128]) -> 128 参数
conv1.bias: torch.Size([128]) -> 128 参数
conv1.lin.weight: torch.Size([128, 128]) -> 16,384 参数
bn1.weight: torch.Size([128]) -> 128 参数
bn1.bias: torch.Size([128]) -> 128 参数
conv2.bias: torch.Size([128]) -> 128 参数
conv2.lin.weight: torch.Size([128, 128]) -> 16,384 参数
bn2.weight: torch.Size([128]) -> 128 参数
bn2.bias: torch.Size([128]) -> 128 参数
conv3.bias: torch.Size([128]) -> 128 参数
conv3.lin.weight: torch.Size([128, 128]) -> 16,384 参数
bn3.weight: torch.Size([128]) -> 128 参数
bn3.bias: torch.Size([128]) -> 128 参数
fusion.0.weight: torch.Size([128, 384]) -> 49,152 参数
fusion.0.bias: torch.Size([128]) -> 128 参数
linear1.weight: torch.Size([32, 128]) -> 4,096 参数
linear1.bias: torch.Size([32]) -> 32 参数
linear2.weight: torch.Size([1, 32]) -> 32 参数
linear2.bias: torch.Size([1]) -> 1 参数
GCN num_neighbors (hops): [16, 16, 16]
/groups/ESS/whung/mambaforge/envs/gnn_torch/lib/python3.9/site-packages/torch_geometric/sampler/neighbor_sampler.py:61: UserWarning: Using 'NeighborSampler' without a 'pyg-lib' installation is deprecated and will be removed soon. Please install 'pyg-lib' for accelerated neighborhood sampling
  warnings.warn(f"Using '{self.__class__.__name__}' without a "
/home/whung/gw-workspace/2W8Nc2BbR68S/model_train.py:989: UserWarning: To copy construct from a tensor, it is recommended to use sourceTensor.detach().clone() or sourceTensor.detach().clone().requires_grad_(True), rather than torch.tensor(sourceTensor).
  r2 = torch.tensor(1 - (var_res / var_y), device=device)
/home/whung/gw-workspace/2W8Nc2BbR68S/model_train.py:993: UserWarning: To copy construct from a tensor, it is recommended to use sourceTensor.detach().clone() or sourceTensor.detach().clone().requires_grad_(True), rather than torch.tensor(sourceTensor).
  rmse = torch.tensor(var_rmse, device=device)
Epoch 001 | Train Loss (RMSE): 2.5153 | Val Loss (RMSE): 1.9966 | Train R²: 0.7636 | Val R²: 0.8232
Epoch 002 | Train Loss (RMSE): 2.2354 | Val Loss (RMSE): 1.8886 | Train R²: 0.8159 | Val R²: 0.8496
Epoch 003 | Train Loss (RMSE): 2.1306 | Val Loss (RMSE): 1.8221 | Train R²: 0.8327 | Val R²: 0.8583
Epoch 004 | Train Loss (RMSE): 2.0459 | Val Loss (RMSE): 1.7484 | Train R²: 0.8454 | Val R²: 0.8695
Epoch 005 | Train Loss (RMSE): 1.9826 | Val Loss (RMSE): 1.7043 | Train R²: 0.8553 | Val R²: 0.8800
Epoch 006 | Train Loss (RMSE): 1.9183 | Val Loss (RMSE): 1.7041 | Train R²: 0.8648 | Val R²: 0.8791
Epoch 007 | Train Loss (RMSE): 1.8760 | Val Loss (RMSE): 1.6548 | Train R²: 0.8706 | Val R²: 0.8849
Epoch 008 | Train Loss (RMSE): 1.8362 | Val Loss (RMSE): 1.5870 | Train R²: 0.8760 | Val R²: 0.8931
Epoch 009 | Train Loss (RMSE): 1.8003 | Val Loss (RMSE): 1.5761 | Train R²: 0.8807 | Val R²: 0.8958
Epoch 010 | Train Loss (RMSE): 1.7653 | Val Loss (RMSE): 1.5514 | Train R²: 0.8856 | Val R²: 0.9003
Epoch 011 | Train Loss (RMSE): 1.7280 | Val Loss (RMSE): 1.4890 | Train R²: 0.8904 | Val R²: 0.9119
Epoch 012 | Train Loss (RMSE): 1.6891 | Val Loss (RMSE): 1.4653 | Train R²: 0.8952 | Val R²: 0.9116
Epoch 013 | Train Loss (RMSE): 1.6610 | Val Loss (RMSE): 1.3975 | Train R²: 0.8985 | Val R²: 0.9196
Epoch 014 | Train Loss (RMSE): 1.6261 | Val Loss (RMSE): 1.4025 | Train R²: 0.9030 | Val R²: 0.9285
Epoch 015 | Train Loss (RMSE): 1.5981 | Val Loss (RMSE): 8.2974 | Train R²: 0.9062 | Val R²: 0.9205
Epoch 016 | Train Loss (RMSE): 1.5741 | Val Loss (RMSE): 1.3958 | Train R²: 0.9090 | Val R²: 0.9197
Epoch 017 | Train Loss (RMSE): 1.5513 | Val Loss (RMSE): 1.4462 | Train R²: 0.9116 | Val R²: 0.9347
Epoch 018 | Train Loss (RMSE): 1.5223 | Val Loss (RMSE): 1.3144 | Train R²: 0.9148 | Val R²: 0.9321
Epoch 019 | Train Loss (RMSE): 1.5022 | Val Loss (RMSE): 1.5069 | Train R²: 0.9169 | Val R²: 0.9363
Epoch 020 | Train Loss (RMSE): 1.4848 | Val Loss (RMSE): 1.3062 | Train R²: 0.9189 | Val R²: 0.9362
Epoch 021 | Train Loss (RMSE): 1.4580 | Val Loss (RMSE): 1.2642 | Train R²: 0.9218 | Val R²: 0.9362
Epoch 022 | Train Loss (RMSE): 1.4471 | Val Loss (RMSE): 1.2334 | Train R²: 0.9230 | Val R²: 0.9387
Epoch 023 | Train Loss (RMSE): 1.4343 | Val Loss (RMSE): 1.2475 | Train R²: 0.9243 | Val R²: 0.9396
Epoch 024 | Train Loss (RMSE): 1.4040 | Val Loss (RMSE): 1.2018 | Train R²: 0.9276 | Val R²: 0.9444
Epoch 025 | Train Loss (RMSE): 1.3949 | Val Loss (RMSE): 1.1755 | Train R²: 0.9284 | Val R²: 0.9490
Epoch 026 | Train Loss (RMSE): 1.3813 | Val Loss (RMSE): 1.1304 | Train R²: 0.9298 | Val R²: 0.9512
Epoch 027 | Train Loss (RMSE): 1.3589 | Val Loss (RMSE): 1.2534 | Train R²: 0.9321 | Val R²: 0.9373
Epoch 028 | Train Loss (RMSE): 1.3501 | Val Loss (RMSE): 1.1726 | Train R²: 0.9326 | Val R²: 0.9474
Epoch 029 | Train Loss (RMSE): 1.3278 | Val Loss (RMSE): 1.1981 | Train R²: 0.9352 | Val R²: 0.9436
Epoch 030 | Train Loss (RMSE): 1.3200 | Val Loss (RMSE): 1.1680 | Train R²: 0.9359 | Val R²: 0.9473
Epoch 031 | Train Loss (RMSE): 1.3081 | Val Loss (RMSE): 3.5170 | Train R²: 0.9369 | Val R²: 0.9463
Epoch 032 | Train Loss (RMSE): 1.2978 | Val Loss (RMSE): 1.1270 | Train R²: 0.9379 | Val R²: 0.9488
Epoch 033 | Train Loss (RMSE): 1.2843 | Val Loss (RMSE): 1.1963 | Train R²: 0.9391 | Val R²: 0.9449
Epoch 034 | Train Loss (RMSE): 1.2674 | Val Loss (RMSE): 1.2958 | Train R²: 0.9407 | Val R²: 0.9348
Epoch 035 | Train Loss (RMSE): 1.2623 | Val Loss (RMSE): 1.0701 | Train R²: 0.9411 | Val R²: 0.9568
Epoch 036 | Train Loss (RMSE): 1.2423 | Val Loss (RMSE): 1.1846 | Train R²: 0.9431 | Val R²: 0.9465
Epoch 037 | Train Loss (RMSE): 1.2333 | Val Loss (RMSE): 1.0991 | Train R²: 0.9438 | Val R²: 0.9564
Epoch 038 | Train Loss (RMSE): 1.2307 | Val Loss (RMSE): 1.1095 | Train R²: 0.9440 | Val R²: 0.9555
Epoch 039 | Train Loss (RMSE): 1.2133 | Val Loss (RMSE): 1.1798 | Train R²: 0.9456 | Val R²: 0.9436
Epoch 040 | Train Loss (RMSE): 1.2074 | Val Loss (RMSE): 1.0397 | Train R²: 0.9461 | Val R²: 0.9585
Epoch 041 | Train Loss (RMSE): 1.1964 | Val Loss (RMSE): 1.0857 | Train R²: 0.9471 | Val R²: 0.9577
Epoch 042 | Train Loss (RMSE): 1.1934 | Val Loss (RMSE): 1.1123 | Train R²: 0.9474 | Val R²: 0.9510
Epoch 043 | Train Loss (RMSE): 1.1796 | Val Loss (RMSE): 1.0315 | Train R²: 0.9485 | Val R²: 0.9589
Epoch 044 | Train Loss (RMSE): 1.1749 | Val Loss (RMSE): 1.0643 | Train R²: 0.9489 | Val R²: 0.9555
Epoch 045 | Train Loss (RMSE): 1.1644 | Val Loss (RMSE): 2.5406 | Train R²: 0.9497 | Val R²: 0.9569
Epoch 046 | Train Loss (RMSE): 1.1585 | Val Loss (RMSE): 1.8313 | Train R²: 0.9501 | Val R²: 0.9562
Epoch 047 | Train Loss (RMSE): 1.1504 | Val Loss (RMSE): 1.1041 | Train R²: 0.9509 | Val R²: 0.9524
Epoch 048 | Train Loss (RMSE): 1.1512 | Val Loss (RMSE): 0.9533 | Train R²: 0.9507 | Val R²: 0.9645
Epoch 049 | Train Loss (RMSE): 1.1430 | Val Loss (RMSE): 1.1124 | Train R²: 0.9516 | Val R²: 0.9527
Epoch 050 | Train Loss (RMSE): 1.1314 | Val Loss (RMSE): 0.9927 | Train R²: 0.9525 | Val R²: 0.9618
Epoch 051 | Train Loss (RMSE): 1.1193 | Val Loss (RMSE): 1.1421 | Train R²: 0.9536 | Val R²: 0.9497
Epoch 052 | Train Loss (RMSE): 1.1249 | Val Loss (RMSE): 1.0998 | Train R²: 0.9530 | Val R²: 0.9526
Epoch 053 | Train Loss (RMSE): 1.1156 | Val Loss (RMSE): 1.0527 | Train R²: 0.9538 | Val R²: 0.9578
Epoch 054 | Train Loss (RMSE): 1.1108 | Val Loss (RMSE): 1.0683 | Train R²: 0.9542 | Val R²: 0.9567
Epoch 055 | Train Loss (RMSE): 1.1008 | Val Loss (RMSE): 1.0349 | Train R²: 0.9551 | Val R²: 0.9600
Epoch 056 | Train Loss (RMSE): 1.0964 | Val Loss (RMSE): 1.6932 | Train R²: 0.9555 | Val R²: 0.9557
Epoch 057 | Train Loss (RMSE): 1.2550 | Val Loss (RMSE): 1.0307 | Train R²: 0.9337 | Val R²: 0.9587
Epoch 058 | Train Loss (RMSE): 1.0806 | Val Loss (RMSE): 1.0163 | Train R²: 0.9566 | Val R²: 0.9583
Epoch 059 | Train Loss (RMSE): 1.0791 | Val Loss (RMSE): 2.1527 | Train R²: 0.9567 | Val R²: 0.9629
Epoch 060 | Train Loss (RMSE): 1.0979 | Val Loss (RMSE): 2.3252 | Train R²: 0.9553 | Val R²: 0.9598
Epoch 061 | Train Loss (RMSE): 1.0799 | Val Loss (RMSE): 3.6975 | Train R²: 0.9566 | Val R²: 0.9615
Epoch 062 | Train Loss (RMSE): 1.0790 | Val Loss (RMSE): 0.9577 | Train R²: 0.9567 | Val R²: 0.9645
Epoch 063 | Train Loss (RMSE): 1.0722 | Val Loss (RMSE): 0.9664 | Train R²: 0.9571 | Val R²: 0.9645
Epoch 064 | Train Loss (RMSE): 1.0674 | Val Loss (RMSE): 1.0447 | Train R²: 0.9576 | Val R²: 0.9592
Epoch 065 | Train Loss (RMSE): 1.0605 | Val Loss (RMSE): 0.9526 | Train R²: 0.9582 | Val R²: 0.9661
Epoch 066 | Train Loss (RMSE): 1.0592 | Val Loss (RMSE): 31.9299 | Train R²: 0.9582 | Val R²: 0.9605
Epoch 067 | Train Loss (RMSE): 1.0532 | Val Loss (RMSE): 1.0366 | Train R²: 0.9587 | Val R²: 0.9581
Epoch 068 | Train Loss (RMSE): 1.0485 | Val Loss (RMSE): 0.9840 | Train R²: 0.9591 | Val R²: 0.9608
Epoch 069 | Train Loss (RMSE): 1.0489 | Val Loss (RMSE): 1.6068 | Train R²: 0.9589 | Val R²: 0.9575
Epoch 070 | Train Loss (RMSE): 1.0368 | Val Loss (RMSE): 1.0655 | Train R²: 0.9600 | Val R²: 0.9550
Epoch 071 | Train Loss (RMSE): 1.0370 | Val Loss (RMSE): 1.0018 | Train R²: 0.9600 | Val R²: 0.9642
Epoch 072 | Train Loss (RMSE): 1.0342 | Val Loss (RMSE): 0.9614 | Train R²: 0.9601 | Val R²: 0.9616
Epoch 073 | Train Loss (RMSE): 1.0262 | Val Loss (RMSE): 1.1450 | Train R²: 0.9607 | Val R²: 0.9518
Epoch 074 | Train Loss (RMSE): 1.0523 | Val Loss (RMSE): 0.9056 | Train R²: 0.9585 | Val R²: 0.9675
Epoch 075 | Train Loss (RMSE): 1.0232 | Val Loss (RMSE): 1.0583 | Train R²: 0.9610 | Val R²: 0.9526
Epoch 076 | Train Loss (RMSE): 1.0156 | Val Loss (RMSE): 1.0147 | Train R²: 0.9615 | Val R²: 0.9657
Epoch 077 | Train Loss (RMSE): 1.0091 | Val Loss (RMSE): 0.9428 | Train R²: 0.9621 | Val R²: 0.9672
Epoch 078 | Train Loss (RMSE): 1.0121 | Val Loss (RMSE): 16.4083 | Train R²: 0.9618 | Val R²: 0.9622
Epoch 079 | Train Loss (RMSE): 1.0118 | Val Loss (RMSE): 1.0230 | Train R²: 0.9618 | Val R²: 0.9568
Epoch 080 | Train Loss (RMSE): 1.0058 | Val Loss (RMSE): 0.9060 | Train R²: 0.9622 | Val R²: 0.9676
Epoch 081 | Train Loss (RMSE): 1.0047 | Val Loss (RMSE): 4.0883 | Train R²: 0.9623 | Val R²: 0.9660
Epoch 082 | Train Loss (RMSE): 1.0000 | Val Loss (RMSE): 0.9270 | Train R²: 0.9626 | Val R²: 0.9656
Epoch 083 | Train Loss (RMSE): 0.9999 | Val Loss (RMSE): 0.9564 | Train R²: 0.9626 | Val R²: 0.9626
Epoch 084 | Train Loss (RMSE): 0.9900 | Val Loss (RMSE): 0.9782 | Train R²: 0.9634 | Val R²: 0.9615
Epoch 085 | Train Loss (RMSE): 0.9927 | Val Loss (RMSE): 0.9757 | Train R²: 0.9633 | Val R²: 0.9658
Epoch 086 | Train Loss (RMSE): 0.9812 | Val Loss (RMSE): 1.0076 | Train R²: 0.9640 | Val R²: 0.9605
Epoch 087 | Train Loss (RMSE): 0.9813 | Val Loss (RMSE): 16.0117 | Train R²: 0.9640 | Val R²: 0.9646
Epoch 088 | Train Loss (RMSE): 2.0597 | Val Loss (RMSE): 1.5881 | Train R²: 0.7733 | Val R²: 0.9535
Epoch 089 | Train Loss (RMSE): 1.0965 | Val Loss (RMSE): 1.1274 | Train R²: 0.9553 | Val R²: 0.9663
Epoch 090 | Train Loss (RMSE): 0.9844 | Val Loss (RMSE): 33.4507 | Train R²: 0.9639 | Val R²: 0.9697
Epoch 091 | Train Loss (RMSE): 0.9815 | Val Loss (RMSE): 0.9418 | Train R²: 0.9641 | Val R²: 0.9669
Epoch 092 | Train Loss (RMSE): 0.9879 | Val Loss (RMSE): 0.9482 | Train R²: 0.9635 | Val R²: 0.9669
Epoch 093 | Train Loss (RMSE): 0.9824 | Val Loss (RMSE): 0.9840 | Train R²: 0.9640 | Val R²: 0.9609
Epoch 094 | Train Loss (RMSE): 0.9918 | Val Loss (RMSE): 2.0201 | Train R²: 0.9632 | Val R²: 0.9643
Epoch 095 | Train Loss (RMSE): 0.9877 | Val Loss (RMSE): 1.7256 | Train R²: 0.9634 | Val R²: 0.9586
Epoch 096 | Train Loss (RMSE): 0.9837 | Val Loss (RMSE): 0.9605 | Train R²: 0.9637 | Val R²: 0.9642
Epoch 097 | Train Loss (RMSE): 0.9733 | Val Loss (RMSE): 1.2556 | Train R²: 0.9646 | Val R²: 0.9701
Epoch 098 | Train Loss (RMSE): 0.9683 | Val Loss (RMSE): 0.9332 | Train R²: 0.9649 | Val R²: 0.9645
Epoch 099 | Train Loss (RMSE): 0.9617 | Val Loss (RMSE): 0.9498 | Train R²: 0.9654 | Val R²: 0.9637
Epoch 100 | Train Loss (RMSE): 0.9704 | Val Loss (RMSE): 0.9389 | Train R²: 0.9648 | Val R²: 0.9644
GCN Test Metrics:
  R²: 0.9661
  RMSE: 0.9778
Model saved to /groups/ESS/whung/swe_gnn/model/GCN_model_sweloss_elv_temp.pth
