/home/whung/geo_env/bin/python
Python 3.9.23
Pytorch deterministic mode: True
Using device: cuda:0
Loading data...
Data loaded successfully with weights_only=False

Detailed data structure:
Loaded from: /groups/ESS/whung/swe_gnn/data/gnn_training_data.pt
Type: <class 'torch_geometric.data.data.Data'>

Attributes:
x:
  Type: <class 'torch.Tensor'>
  Shape: torch.Size([1236502, 84])
  Dtype: torch.float32
  Device: cuda:0

edge_index:
  Type: <class 'torch.Tensor'>
  Shape: torch.Size([2, 7418982])
  Dtype: torch.int64
  Device: cuda:0

y:
  Type: <class 'torch.Tensor'>
  Shape: torch.Size([1236502])
  Dtype: torch.float32
  Device: cuda:0

Other attributes:
num_nodes: 1236502
num_edges: 7418982
num_node_features: 84

Data loaded: 1236502 nodes, 7418982 edges, 84 features per node
x: <class 'torch.Tensor'> | shape: torch.Size([1236502, 84])
edge_index: <class 'torch.Tensor'> | shape: torch.Size([2, 7418982])
y: <class 'torch.Tensor'> | shape: torch.Size([1236502])
grid_id: <class 'torch.Tensor'> | shape: torch.Size([1236502])

Updated model parameters:
Input channels: 84

Data loaders will be built per model based on model-specific hops (num_neighbors)...

Training GCN...
Model structure:
GCN_Model(
  (feature_extract): Sequential(
    (0): Linear(in_features=84, out_features=128, bias=True)
    (1): ReLU()
    (2): Dropout(p=0.2, inplace=False)
  )
  (conv1): GCNConv(128, 128)
  (bn1): BatchNorm1d(128, eps=1e-05, momentum=0.1, affine=True, track_running_stats=True)
  (conv2): GCNConv(128, 128)
  (bn2): BatchNorm1d(128, eps=1e-05, momentum=0.1, affine=True, track_running_stats=True)
  (conv3): GCNConv(128, 128)
  (bn3): BatchNorm1d(128, eps=1e-05, momentum=0.1, affine=True, track_running_stats=True)
  (fusion): Sequential(
    (0): Linear(in_features=384, out_features=128, bias=True)
    (1): ReLU()
    (2): Dropout(p=0.2, inplace=False)
  )
  (linear1): Linear(in_features=128, out_features=32, bias=True)
  (linear2): Linear(in_features=32, out_features=1, bias=True)
)

=== GCN 参数统计 ===
总参数数: 114,625
可训练参数数: 114,625
不可训练参数数: 0
模型大小估计: 0.44 MB (假设32位浮点)

=== GCN 层级结构 ===
feature_extract.0.weight: torch.Size([128, 84]) -> 10,752 参数
feature_extract.0.bias: torch.Size([128]) -> 128 参数
conv1.bias: torch.Size([128]) -> 128 参数
conv1.lin.weight: torch.Size([128, 128]) -> 16,384 参数
bn1.weight: torch.Size([128]) -> 128 参数
bn1.bias: torch.Size([128]) -> 128 参数
conv2.bias: torch.Size([128]) -> 128 参数
conv2.lin.weight: torch.Size([128, 128]) -> 16,384 参数
bn2.weight: torch.Size([128]) -> 128 参数
bn2.bias: torch.Size([128]) -> 128 参数
conv3.bias: torch.Size([128]) -> 128 参数
conv3.lin.weight: torch.Size([128, 128]) -> 16,384 参数
bn3.weight: torch.Size([128]) -> 128 参数
bn3.bias: torch.Size([128]) -> 128 参数
fusion.0.weight: torch.Size([128, 384]) -> 49,152 参数
fusion.0.bias: torch.Size([128]) -> 128 参数
linear1.weight: torch.Size([32, 128]) -> 4,096 参数
linear1.bias: torch.Size([32]) -> 32 参数
linear2.weight: torch.Size([1, 32]) -> 32 参数
linear2.bias: torch.Size([1]) -> 1 参数
GCN num_neighbors (hops): [16, 16, 16]
/groups/ESS/whung/mambaforge/envs/gnn_torch/lib/python3.9/site-packages/torch_geometric/sampler/neighbor_sampler.py:61: UserWarning: Using 'NeighborSampler' without a 'pyg-lib' installation is deprecated and will be removed soon. Please install 'pyg-lib' for accelerated neighborhood sampling
  warnings.warn(f"Using '{self.__class__.__name__}' without a "
/home/whung/gw-workspace/33AbHzwwSlvv/model_train.py:989: UserWarning: To copy construct from a tensor, it is recommended to use sourceTensor.detach().clone() or sourceTensor.detach().clone().requires_grad_(True), rather than torch.tensor(sourceTensor).
  r2 = torch.tensor(1 - (var_res / var_y), device=device)
/home/whung/gw-workspace/33AbHzwwSlvv/model_train.py:993: UserWarning: To copy construct from a tensor, it is recommended to use sourceTensor.detach().clone() or sourceTensor.detach().clone().requires_grad_(True), rather than torch.tensor(sourceTensor).
  rmse = torch.tensor(var_rmse, device=device)
Epoch 001 | Train Loss (RMSE): 2.5241 | Val Loss (RMSE): 1.9663 | Train R²: 0.7621 | Val R²: 0.8244
Epoch 002 | Train Loss (RMSE): 2.2432 | Val Loss (RMSE): 1.8293 | Train R²: 0.8149 | Val R²: 0.8495
Epoch 003 | Train Loss (RMSE): 2.1434 | Val Loss (RMSE): 1.7684 | Train R²: 0.8309 | Val R²: 0.8573
Epoch 004 | Train Loss (RMSE): 2.0624 | Val Loss (RMSE): 1.6940 | Train R²: 0.8430 | Val R²: 0.8726
Epoch 005 | Train Loss (RMSE): 1.9839 | Val Loss (RMSE): 1.6770 | Train R²: 0.8553 | Val R²: 0.8808
Epoch 006 | Train Loss (RMSE): 1.9275 | Val Loss (RMSE): 1.6450 | Train R²: 0.8636 | Val R²: 0.8800
Epoch 007 | Train Loss (RMSE): 1.8715 | Val Loss (RMSE): 1.5903 | Train R²: 0.8713 | Val R²: 0.8875
Epoch 008 | Train Loss (RMSE): 1.8283 | Val Loss (RMSE): 1.9964 | Train R²: 0.8771 | Val R²: 0.8909
Epoch 009 | Train Loss (RMSE): 1.8055 | Val Loss (RMSE): 45.0113 | Train R²: 0.8802 | Val R²: 0.8987
Epoch 010 | Train Loss (RMSE): 1.7629 | Val Loss (RMSE): 1.4720 | Train R²: 0.8859 | Val R²: 0.9074
Epoch 011 | Train Loss (RMSE): 1.7263 | Val Loss (RMSE): 1.4124 | Train R²: 0.8906 | Val R²: 0.9153
Epoch 012 | Train Loss (RMSE): 1.6889 | Val Loss (RMSE): 1.4142 | Train R²: 0.8952 | Val R²: 0.9140
Epoch 013 | Train Loss (RMSE): 1.6577 | Val Loss (RMSE): 1.4322 | Train R²: 0.8990 | Val R²: 0.9112
Epoch 014 | Train Loss (RMSE): 1.6375 | Val Loss (RMSE): 1.3326 | Train R²: 0.9015 | Val R²: 0.9251
Epoch 015 | Train Loss (RMSE): 1.6034 | Val Loss (RMSE): 1.5084 | Train R²: 0.9055 | Val R²: 0.9214
Epoch 016 | Train Loss (RMSE): 1.5783 | Val Loss (RMSE): 1.4207 | Train R²: 0.9085 | Val R²: 0.9151
Epoch 017 | Train Loss (RMSE): 1.5633 | Val Loss (RMSE): 1.3216 | Train R²: 0.9102 | Val R²: 0.9264
Epoch 018 | Train Loss (RMSE): 1.5342 | Val Loss (RMSE): 1.2412 | Train R²: 0.9135 | Val R²: 0.9361
Epoch 019 | Train Loss (RMSE): 1.5137 | Val Loss (RMSE): 1.2691 | Train R²: 0.9155 | Val R²: 0.9315
Epoch 020 | Train Loss (RMSE): 1.4904 | Val Loss (RMSE): 1.2213 | Train R²: 0.9183 | Val R²: 0.9369
Epoch 021 | Train Loss (RMSE): 1.4705 | Val Loss (RMSE): 1.2568 | Train R²: 0.9205 | Val R²: 0.9323
Epoch 022 | Train Loss (RMSE): 1.4609 | Val Loss (RMSE): 1.2095 | Train R²: 0.9214 | Val R²: 0.9428
Epoch 023 | Train Loss (RMSE): 1.4374 | Val Loss (RMSE): 1.2543 | Train R²: 0.9241 | Val R²: 0.9338
Epoch 024 | Train Loss (RMSE): 1.4172 | Val Loss (RMSE): 1.1433 | Train R²: 0.9262 | Val R²: 0.9451
Epoch 025 | Train Loss (RMSE): 1.4071 | Val Loss (RMSE): 1.1122 | Train R²: 0.9272 | Val R²: 0.9493
Epoch 026 | Train Loss (RMSE): 1.3970 | Val Loss (RMSE): 1.2317 | Train R²: 0.9282 | Val R²: 0.9373
Epoch 027 | Train Loss (RMSE): 1.3747 | Val Loss (RMSE): 1.1597 | Train R²: 0.9304 | Val R²: 0.9438
Epoch 028 | Train Loss (RMSE): 1.3547 | Val Loss (RMSE): 1.0930 | Train R²: 0.9325 | Val R²: 0.9499
Epoch 029 | Train Loss (RMSE): 1.3487 | Val Loss (RMSE): 1.1157 | Train R²: 0.9330 | Val R²: 0.9478
Epoch 030 | Train Loss (RMSE): 1.3355 | Val Loss (RMSE): 1.0969 | Train R²: 0.9343 | Val R²: 0.9499
Epoch 031 | Train Loss (RMSE): 1.3166 | Val Loss (RMSE): 1.0683 | Train R²: 0.9361 | Val R²: 0.9522
Epoch 032 | Train Loss (RMSE): 1.3126 | Val Loss (RMSE): 1.0664 | Train R²: 0.9364 | Val R²: 0.9500
Epoch 033 | Train Loss (RMSE): 1.2981 | Val Loss (RMSE): 1.1281 | Train R²: 0.9378 | Val R²: 0.9454
Epoch 034 | Train Loss (RMSE): 1.2942 | Val Loss (RMSE): 2.3544 | Train R²: 0.9382 | Val R²: 0.9418
Epoch 035 | Train Loss (RMSE): 1.5488 | Val Loss (RMSE): 16.4032 | Train R²: 0.9403 | Val R²: 0.9546
Epoch 036 | Train Loss (RMSE): 2.9029 | Val Loss (RMSE): 1.6593 | Train R²: 0.6135 | Val R²: 0.8804
Epoch 037 | Train Loss (RMSE): 1.9197 | Val Loss (RMSE): 1.4908 | Train R²: 0.8649 | Val R²: 0.9049
Epoch 038 | Train Loss (RMSE): 1.7723 | Val Loss (RMSE): 1.4201 | Train R²: 0.8848 | Val R²: 0.9151
Epoch 039 | Train Loss (RMSE): 1.6606 | Val Loss (RMSE): 1.2920 | Train R²: 0.8988 | Val R²: 0.9301
Epoch 040 | Train Loss (RMSE): 1.5764 | Val Loss (RMSE): 1.2039 | Train R²: 0.9087 | Val R²: 0.9394
Epoch 041 | Train Loss (RMSE): 1.5238 | Val Loss (RMSE): 1.1660 | Train R²: 0.9148 | Val R²: 0.9428
Epoch 042 | Train Loss (RMSE): 1.4734 | Val Loss (RMSE): 3.5182 | Train R²: 0.9202 | Val R²: 0.9464
Epoch 043 | Train Loss (RMSE): 1.4220 | Val Loss (RMSE): 1.0921 | Train R²: 0.9256 | Val R²: 0.9512
Epoch 044 | Train Loss (RMSE): 1.3774 | Val Loss (RMSE): 1.1308 | Train R²: 0.9301 | Val R²: 0.9567
Epoch 045 | Train Loss (RMSE): 1.3261 | Val Loss (RMSE): 1.0667 | Train R²: 0.9352 | Val R²: 0.9524
Epoch 046 | Train Loss (RMSE): 1.2834 | Val Loss (RMSE): 1.4715 | Train R²: 0.9392 | Val R²: 0.9523
Epoch 047 | Train Loss (RMSE): 1.2564 | Val Loss (RMSE): 1.0631 | Train R²: 0.9418 | Val R²: 0.9569
Epoch 048 | Train Loss (RMSE): 1.2413 | Val Loss (RMSE): 0.9835 | Train R²: 0.9431 | Val R²: 0.9600
Epoch 049 | Train Loss (RMSE): 1.2369 | Val Loss (RMSE): 1.0182 | Train R²: 0.9435 | Val R²: 0.9568
Epoch 050 | Train Loss (RMSE): 1.2382 | Val Loss (RMSE): 1.1242 | Train R²: 0.9434 | Val R²: 0.9557
Epoch 051 | Train Loss (RMSE): 1.2337 | Val Loss (RMSE): 1.0311 | Train R²: 0.9439 | Val R²: 0.9561
Epoch 052 | Train Loss (RMSE): 1.2357 | Val Loss (RMSE): 1.0301 | Train R²: 0.9436 | Val R²: 0.9559
Epoch 053 | Train Loss (RMSE): 1.2277 | Val Loss (RMSE): 0.9778 | Train R²: 0.9443 | Val R²: 0.9610
Epoch 054 | Train Loss (RMSE): 1.2209 | Val Loss (RMSE): 1.0296 | Train R²: 0.9449 | Val R²: 0.9559
Epoch 055 | Train Loss (RMSE): 1.2197 | Val Loss (RMSE): 1.0242 | Train R²: 0.9450 | Val R²: 0.9561
Epoch 056 | Train Loss (RMSE): 1.1999 | Val Loss (RMSE): 2.6474 | Train R²: 0.9469 | Val R²: 0.9539
Epoch 057 | Train Loss (RMSE): 1.2025 | Val Loss (RMSE): 1.0337 | Train R²: 0.9467 | Val R²: 0.9556
Epoch 058 | Train Loss (RMSE): 1.1866 | Val Loss (RMSE): 1.0057 | Train R²: 0.9479 | Val R²: 0.9568
Epoch 059 | Train Loss (RMSE): 1.1820 | Val Loss (RMSE): 1.8425 | Train R²: 0.9484 | Val R²: 0.9625
Epoch 060 | Train Loss (RMSE): 4.5189 | Val Loss (RMSE): 2.0008 | Train R²: 0.4059 | Val R²: 0.8179
Epoch 061 | Train Loss (RMSE): 2.3644 | Val Loss (RMSE): 1.8920 | Train R²: 0.7953 | Val R²: 0.8355
Epoch 062 | Train Loss (RMSE): 2.2005 | Val Loss (RMSE): 1.6986 | Train R²: 0.8224 | Val R²: 0.8730
Epoch 063 | Train Loss (RMSE): 2.0338 | Val Loss (RMSE): 1.6089 | Train R²: 0.8488 | Val R²: 0.8894
Epoch 064 | Train Loss (RMSE): 1.8581 | Val Loss (RMSE): 1.4146 | Train R²: 0.8734 | Val R²: 0.9160
Epoch 065 | Train Loss (RMSE): 1.6461 | Val Loss (RMSE): 1.2179 | Train R²: 0.9004 | Val R²: 0.9389
Epoch 066 | Train Loss (RMSE): 1.3983 | Val Loss (RMSE): 1.0470 | Train R²: 0.9281 | Val R²: 0.9562
Epoch 067 | Train Loss (RMSE): 1.2313 | Val Loss (RMSE): 0.9766 | Train R²: 0.9441 | Val R²: 0.9605
Epoch 068 | Train Loss (RMSE): 1.1907 | Val Loss (RMSE): 0.9073 | Train R²: 0.9477 | Val R²: 0.9659
Epoch 069 | Train Loss (RMSE): 1.1767 | Val Loss (RMSE): 0.9679 | Train R²: 0.9486 | Val R²: 0.9601
Epoch 070 | Train Loss (RMSE): 1.1722 | Val Loss (RMSE): 0.9965 | Train R²: 0.9491 | Val R²: 0.9575
Epoch 071 | Train Loss (RMSE): 1.1690 | Val Loss (RMSE): 1.3404 | Train R²: 0.9494 | Val R²: 0.9607
Epoch 072 | Train Loss (RMSE): 1.1563 | Val Loss (RMSE): 0.9735 | Train R²: 0.9505 | Val R²: 0.9583
Epoch 073 | Train Loss (RMSE): 1.1536 | Val Loss (RMSE): 1.0473 | Train R²: 0.9507 | Val R²: 0.9551
Epoch 074 | Train Loss (RMSE): 1.1524 | Val Loss (RMSE): 1.0134 | Train R²: 0.9508 | Val R²: 0.9604
Epoch 075 | Train Loss (RMSE): 1.1476 | Val Loss (RMSE): 1.0512 | Train R²: 0.9512 | Val R²: 0.9521
Epoch 076 | Train Loss (RMSE): 1.1364 | Val Loss (RMSE): 0.9703 | Train R²: 0.9520 | Val R²: 0.9633
Epoch 077 | Train Loss (RMSE): 1.1263 | Val Loss (RMSE): 0.8953 | Train R²: 0.9530 | Val R²: 0.9656
Epoch 078 | Train Loss (RMSE): 1.1145 | Val Loss (RMSE): 47.3177 | Train R²: 0.9539 | Val R²: 0.9666
Epoch 079 | Train Loss (RMSE): 1.1125 | Val Loss (RMSE): 0.9581 | Train R²: 0.9541 | Val R²: 0.9603
Epoch 080 | Train Loss (RMSE): 1.1103 | Val Loss (RMSE): 0.9383 | Train R²: 0.9542 | Val R²: 0.9621
Epoch 081 | Train Loss (RMSE): 1.1024 | Val Loss (RMSE): 0.9449 | Train R²: 0.9549 | Val R²: 0.9610
Epoch 082 | Train Loss (RMSE): 1.0909 | Val Loss (RMSE): 0.9128 | Train R²: 0.9558 | Val R²: 0.9653
Epoch 083 | Train Loss (RMSE): 1.0997 | Val Loss (RMSE): 0.9171 | Train R²: 0.9551 | Val R²: 0.9634
Epoch 084 | Train Loss (RMSE): 1.0820 | Val Loss (RMSE): 0.9648 | Train R²: 0.9565 | Val R²: 0.9589
Epoch 085 | Train Loss (RMSE): 1.0807 | Val Loss (RMSE): 0.8550 | Train R²: 0.9567 | Val R²: 0.9688
Epoch 086 | Train Loss (RMSE): 1.0815 | Val Loss (RMSE): 0.8863 | Train R²: 0.9564 | Val R²: 0.9668
Epoch 087 | Train Loss (RMSE): 1.0719 | Val Loss (RMSE): 2.1738 | Train R²: 0.9572 | Val R²: 0.9637
Epoch 088 | Train Loss (RMSE): 1.0679 | Val Loss (RMSE): 1.1954 | Train R²: 0.9576 | Val R²: 0.9541
Epoch 089 | Train Loss (RMSE): 1.0642 | Val Loss (RMSE): 0.9240 | Train R²: 0.9578 | Val R²: 0.9632
Epoch 090 | Train Loss (RMSE): 1.0594 | Val Loss (RMSE): 0.8961 | Train R²: 0.9583 | Val R²: 0.9708
Epoch 091 | Train Loss (RMSE): 1.0555 | Val Loss (RMSE): 7.1066 | Train R²: 0.9585 | Val R²: 0.9659
Epoch 092 | Train Loss (RMSE): 1.0555 | Val Loss (RMSE): 0.8165 | Train R²: 0.9586 | Val R²: 0.9711
Epoch 093 | Train Loss (RMSE): 1.0490 | Val Loss (RMSE): 0.9686 | Train R²: 0.9590 | Val R²: 0.9635
Epoch 094 | Train Loss (RMSE): 1.0464 | Val Loss (RMSE): 0.8887 | Train R²: 0.9593 | Val R²: 0.9661
Epoch 095 | Train Loss (RMSE): 1.0478 | Val Loss (RMSE): 7.2931 | Train R²: 0.9591 | Val R²: 0.9652
Epoch 096 | Train Loss (RMSE): 1.0397 | Val Loss (RMSE): 0.8549 | Train R²: 0.9596 | Val R²: 0.9678
Epoch 097 | Train Loss (RMSE): 1.0349 | Val Loss (RMSE): 1.5002 | Train R²: 0.9601 | Val R²: 0.9621
Epoch 098 | Train Loss (RMSE): 1.0346 | Val Loss (RMSE): 0.8508 | Train R²: 0.9601 | Val R²: 0.9691
Epoch 099 | Train Loss (RMSE): 1.0233 | Val Loss (RMSE): 0.8294 | Train R²: 0.9610 | Val R²: 0.9709
Epoch 100 | Train Loss (RMSE): 1.0273 | Val Loss (RMSE): 0.8486 | Train R²: 0.9606 | Val R²: 0.9679
GCN Test Metrics:
  R²: 0.9692
  RMSE: 0.9276
Model saved to /groups/ESS/whung/swe_gnn/model/GCN_model_sweloss_elv_precip.pth
